// Vitest Snapshot v1, https://vitest.dev/guide/snapshot.html

exports[`Chess Game Verification (Section 3 & 14) > golden snapshot of the 87-ply tag table (any change must be deliberate) 1`] = `
[
  "1 e4: NORMAL",
  "2 d6: NORMAL",
  "3 d4: NORMAL",
  "4 Nf6: NORMAL",
  "5 Nc3: NORMAL",
  "6 g6: NORMAL",
  "7 Be3: NORMAL",
  "8 Bg7: NORMAL",
  "9 Qd2: NORMAL",
  "10 c6: NORMAL",
  "11 f3: NORMAL",
  "12 b5: NORMAL",
  "13 Nge2: NORMAL",
  "14 Nbd7: NORMAL",
  "15 Bh6: NORMAL",
  "16 Bxh6: CAPTURE",
  "17 Qxh6: CAPTURE",
  "18 Bb7: NORMAL",
  "19 a3: NORMAL",
  "20 e5: NORMAL",
  "21 O-O-O: CASTLING",
  "22 Qe7: NORMAL",
  "23 Kb1: NORMAL",
  "24 a6: NORMAL",
  "25 Nc1: NORMAL",
  "26 O-O-O: CASTLING",
  "27 Nb3: NORMAL",
  "28 exd4: CAPTURE",
  "29 Rxd4: CAPTURE",
  "30 c5: NORMAL",
  "31 Rd1: NORMAL",
  "32 Nb6: NORMAL",
  "33 g3: NORMAL",
  "34 Kb8: NORMAL",
  "35 Na5: NORMAL",
  "36 Ba8: NORMAL",
  "37 Bh3: NORMAL",
  "38 d5: NORMAL",
  "39 Qf4+: CHECK",
  "40 Ka7: NORMAL",
  "41 Rhe1: NORMAL",
  "42 d4: NORMAL",
  "43 Nd5: MAJOR_ATTACK",
  "44 Nbxd5: CAPTURE",
  "45 exd5: CAPTURE",
  "46 Qd6: NORMAL",
  "47 Rxd4: SACRIFICE,CAPTURE",
  "48 cxd4: CAPTURE",
  "49 Re7+: KING_HUNT,CHECK",
  "50 Kb6: KING_HUNT",
  "51 Qxd4+: KING_HUNT,CHECK,CAPTURE",
  "52 Kxa5: KING_HUNT,CAPTURE",
  "53 b4+: KING_HUNT,CHECK",
  "54 Ka4: KING_HUNT",
  "55 Qc3: KING_HUNT",
  "56 Qxd5: KING_HUNT,CAPTURE",
  "57 Ra7: KING_HUNT",
  "58 Bb7: KING_HUNT",
  "59 Rxb7: KING_HUNT,CAPTURE",
  "60 Qc4: KING_HUNT",
  "61 Qxf6: KING_HUNT,CAPTURE",
  "62 Kxa3: KING_HUNT,CAPTURE",
  "63 Qxa6+: KING_HUNT,CHECK,CAPTURE",
  "64 Kxb4: KING_HUNT,CAPTURE",
  "65 c3+: KING_HUNT,CHECK",
  "66 Kxc3: KING_HUNT,CAPTURE",
  "67 Qa1+: KING_HUNT,CHECK",
  "68 Kd2: KING_HUNT",
  "69 Qb2+: KING_HUNT,CHECK",
  "70 Kd1: KING_HUNT",
  "71 Bf1: NORMAL",
  "72 Rd2: NORMAL",
  "73 Rd7: MAJOR_ATTACK",
  "74 Rxd7: CAPTURE",
  "75 Bxc4: CAPTURE",
  "76 bxc4: CAPTURE",
  "77 Qxh8: MAJOR_ATTACK,CAPTURE",
  "78 Rd3: NORMAL",
  "79 Qa8: NORMAL",
  "80 c3: NORMAL",
  "81 Qa4+: CHECK",
  "82 Ke1: NORMAL",
  "83 f4: NORMAL",
  "84 f5: NORMAL",
  "85 Kc1: NORMAL",
  "86 Rd2: NORMAL",
  "87 Qa7: FINAL_MOVE",
]
`;
